Archive member included to satisfy reference by file (symbol)

c:/program files (x86)/atollic/truestudio for stm32 9.3.0/armtools/bin/../lib/gcc/arm-atollic-eabi/6.3.1/../../../../arm-atollic-eabi/lib/armv7e-m/fpu/fpv5-sp-d16\libc_nano.a(lib_a-errno.o)
                              Core\Src\syscalls.o (__errno)
c:/program files (x86)/atollic/truestudio for stm32 9.3.0/armtools/bin/../lib/gcc/arm-atollic-eabi/6.3.1/../../../../arm-atollic-eabi/lib/armv7e-m/fpu/fpv5-sp-d16\libc_nano.a(lib_a-impure.o)
                              c:/program files (x86)/atollic/truestudio for stm32 9.3.0/armtools/bin/../lib/gcc/arm-atollic-eabi/6.3.1/../../../../arm-atollic-eabi/lib/armv7e-m/fpu/fpv5-sp-d16\libc_nano.a(lib_a-errno.o) (_impure_ptr)
c:/program files (x86)/atollic/truestudio for stm32 9.3.0/armtools/bin/../lib/gcc/arm-atollic-eabi/6.3.1/../../../../arm-atollic-eabi/lib/armv7e-m/fpu/fpv5-sp-d16\libc_nano.a(lib_a-init.o)
                              startup\startup_stm32f723xx.o (__libc_init_array)
c:/program files (x86)/atollic/truestudio for stm32 9.3.0/armtools/bin/../lib/gcc/arm-atollic-eabi/6.3.1/../../../../arm-atollic-eabi/lib/armv7e-m/fpu/fpv5-sp-d16\libc_nano.a(lib_a-memset.o)
                              Core\Src\main.o (memset)
c:/program files (x86)/atollic/truestudio for stm32 9.3.0/armtools/bin/../lib/gcc/arm-atollic-eabi/6.3.1/../../../../arm-atollic-eabi/lib/armv7e-m/fpu/fpv5-sp-d16\libc_nano.a(lib_a-printf.o)
                              Core\Src\main.o (printf)
c:/program files (x86)/atollic/truestudio for stm32 9.3.0/armtools/bin/../lib/gcc/arm-atollic-eabi/6.3.1/../../../../arm-atollic-eabi/lib/armv7e-m/fpu/fpv5-sp-d16\libc_nano.a(lib_a-puts.o)
                              Core\Src\main.o (puts)
c:/program files (x86)/atollic/truestudio for stm32 9.3.0/armtools/bin/../lib/gcc/arm-atollic-eabi/6.3.1/../../../../arm-atollic-eabi/lib/armv7e-m/fpu/fpv5-sp-d16\libc_nano.a(lib_a-wbuf.o)
                              c:/program files (x86)/atollic/truestudio for stm32 9.3.0/armtools/bin/../lib/gcc/arm-atollic-eabi/6.3.1/../../../../arm-atollic-eabi/lib/armv7e-m/fpu/fpv5-sp-d16\libc_nano.a(lib_a-puts.o) (__swbuf_r)
c:/program files (x86)/atollic/truestudio for stm32 9.3.0/armtools/bin/../lib/gcc/arm-atollic-eabi/6.3.1/../../../../arm-atollic-eabi/lib/armv7e-m/fpu/fpv5-sp-d16\libc_nano.a(lib_a-wsetup.o)
                              c:/program files (x86)/atollic/truestudio for stm32 9.3.0/armtools/bin/../lib/gcc/arm-atollic-eabi/6.3.1/../../../../arm-atollic-eabi/lib/armv7e-m/fpu/fpv5-sp-d16\libc_nano.a(lib_a-puts.o) (__swsetup_r)
c:/program files (x86)/atollic/truestudio for stm32 9.3.0/armtools/bin/../lib/gcc/arm-atollic-eabi/6.3.1/../../../../arm-atollic-eabi/lib/armv7e-m/fpu/fpv5-sp-d16\libc_nano.a(lib_a-fflush.o)
                              c:/program files (x86)/atollic/truestudio for stm32 9.3.0/armtools/bin/../lib/gcc/arm-atollic-eabi/6.3.1/../../../../arm-atollic-eabi/lib/armv7e-m/fpu/fpv5-sp-d16\libc_nano.a(lib_a-wbuf.o) (_fflush_r)
c:/program files (x86)/atollic/truestudio for stm32 9.3.0/armtools/bin/../lib/gcc/arm-atollic-eabi/6.3.1/../../../../arm-atollic-eabi/lib/armv7e-m/fpu/fpv5-sp-d16\libc_nano.a(lib_a-findfp.o)
                              c:/program files (x86)/atollic/truestudio for stm32 9.3.0/armtools/bin/../lib/gcc/arm-atollic-eabi/6.3.1/../../../../arm-atollic-eabi/lib/armv7e-m/fpu/fpv5-sp-d16\libc_nano.a(lib_a-printf.o) (__sinit)
c:/program files (x86)/atollic/truestudio for stm32 9.3.0/armtools/bin/../lib/gcc/arm-atollic-eabi/6.3.1/../../../../arm-atollic-eabi/lib/armv7e-m/fpu/fpv5-sp-d16\libc_nano.a(lib_a-fwalk.o)
                              c:/program files (x86)/atollic/truestudio for stm32 9.3.0/armtools/bin/../lib/gcc/arm-atollic-eabi/6.3.1/../../../../arm-atollic-eabi/lib/armv7e-m/fpu/fpv5-sp-d16\libc_nano.a(lib_a-findfp.o) (_fwalk)
c:/program files (x86)/atollic/truestudio for stm32 9.3.0/armtools/bin/../lib/gcc/arm-atollic-eabi/6.3.1/../../../../arm-atollic-eabi/lib/armv7e-m/fpu/fpv5-sp-d16\libc_nano.a(lib_a-makebuf.o)
                              c:/program files (x86)/atollic/truestudio for stm32 9.3.0/armtools/bin/../lib/gcc/arm-atollic-eabi/6.3.1/../../../../arm-atollic-eabi/lib/armv7e-m/fpu/fpv5-sp-d16\libc_nano.a(lib_a-wsetup.o) (__smakebuf_r)
c:/program files (x86)/atollic/truestudio for stm32 9.3.0/armtools/bin/../lib/gcc/arm-atollic-eabi/6.3.1/../../../../arm-atollic-eabi/lib/armv7e-m/fpu/fpv5-sp-d16\libc_nano.a(lib_a-nano-freer.o)
                              c:/program files (x86)/atollic/truestudio for stm32 9.3.0/armtools/bin/../lib/gcc/arm-atollic-eabi/6.3.1/../../../../arm-atollic-eabi/lib/armv7e-m/fpu/fpv5-sp-d16\libc_nano.a(lib_a-wsetup.o) (_free_r)
c:/program files (x86)/atollic/truestudio for stm32 9.3.0/armtools/bin/../lib/gcc/arm-atollic-eabi/6.3.1/../../../../arm-atollic-eabi/lib/armv7e-m/fpu/fpv5-sp-d16\libc_nano.a(lib_a-nano-mallocr.o)
[...]
Memory Configuration

Name             Origin             Length             Attributes
RAM              0x20000000         0x00040000         xrw
FLASH            0x08000000         0x00080000         xr
*default*        0x00000000         0xffffffff

Linker script and memory map

LOAD c:/program files (x86)/atollic/truestudio for stm32 9.3.0/armtools/bin/../lib/gcc/arm-atollic-eabi/6.3.1/armv7e-m/fpu/fpv5-sp-d16/crti.o
LOAD c:/program files (x86)/atollic/truestudio for stm32 9.3.0/armtools/bin/../lib/gcc/arm-atollic-eabi/6.3.1/armv7e-m/fpu/fpv5-sp-d16/crtbegin.o
LOAD Core\Src\main.o
LOAD Core\Src\stm32f7xx_hal_msp.o
LOAD Core\Src\stm32f7xx_it.o
LOAD Core\Src\syscalls.o
LOAD Core\Src\system_stm32f7xx.o
LOAD Drivers\STM32F7xx_HAL_Driver\Src\stm32f7xx_hal.o
LOAD Drivers\STM32F7xx_HAL_Driver\Src\stm32f7xx_hal_cortex.o
LOAD Drivers\STM32F7xx_HAL_Driver\Src\stm32f7xx_hal_dma.o
LOAD Drivers\STM32F7xx_HAL_Driver\Src\stm32f7xx_hal_dma_ex.o
LOAD Drivers\STM32F7xx_HAL_Driver\Src\stm32f7xx_hal_exti.o
LOAD Drivers\STM32F7xx_HAL_Driver\Src\stm32f7xx_hal_flash.o
LOAD Drivers\STM32F7xx_HAL_Driver\Src\stm32f7xx_hal_flash_ex.o
LOAD Drivers\STM32F7xx_HAL_Driver\Src\stm32f7xx_hal_gpio.o
LOAD Drivers\STM32F7xx_HAL_Driver\Src\stm32f7xx_hal_i2c.o
LOAD Drivers\STM32F7xx_HAL_Driver\Src\stm32f7xx_hal_i2c_ex.o
LOAD Drivers\STM32F7xx_HAL_Driver\Src\stm32f7xx_hal_pwr.o
LOAD Drivers\STM32F7xx_HAL_Driver\Src\stm32f7xx_hal_pwr_ex.o
LOAD Drivers\STM32F7xx_HAL_Driver\Src\stm32f7xx_hal_rcc.o
LOAD Drivers\STM32F7xx_HAL_Driver\Src\stm32f7xx_hal_rcc_ex.o
LOAD Drivers\STM32F7xx_HAL_Driver\Src\stm32f7xx_hal_spi.o
LOAD Drivers\STM32F7xx_HAL_Driver\Src\stm32f7xx_hal_spi_ex.o
LOAD Drivers\STM32F7xx_HAL_Driver\Src\stm32f7xx_hal_tim.o
LOAD Drivers\STM32F7xx_HAL_Driver\Src\stm32f7xx_hal_tim_ex.o
LOAD Drivers\STM32F7xx_HAL_Driver\Src\stm32f7xx_hal_uart.o
LOAD Drivers\STM32F7xx_HAL_Driver\Src\stm32f7xx_hal_uart_ex.o
LOAD startup\startup_stm32f723xx.o
                0x00000080                malloc_getpagesize_P = 0x80
START GROUP
LOAD c:/program files (x86)/atollic/truestudio for stm32 9.3.0/armtools/bin/../lib/gcc/arm-atollic-eabi/6.3.1/../../../../arm-atollic-eabi/lib/armv7e-m/fpu/fpv5-sp-d16\libc_nano.a
LOAD c:/program files (x86)/atollic/truestudio for stm32 9.3.0/armtools/bin/../lib/gcc/arm-atollic-eabi/6.3.1/../../../../arm-atollic-eabi/lib/armv7e-m/fpu/fpv5-sp-d16\libm.a
END GROUP
START GROUP
LOAD c:/program files (x86)/atollic/truestudio for stm32 9.3.0/armtools/bin/../lib/gcc/arm-atollic-eabi/6.3.1/armv7e-m/fpu/fpv5-sp-d16\libgcc.a
LOAD c:/program files (x86)/atollic/truestudio for stm32 9.3.0/armtools/bin/../lib/gcc/arm-atollic-eabi/6.3.1/../../../../arm-atollic-eabi/lib/armv7e-m/fpu/fpv5-sp-d16\libc_nano.a
END GROUP
START GROUP
LOAD c:/program files (x86)/atollic/truestudio for stm32 9.3.0/armtools/bin/../lib/gcc/arm-atollic-eabi/6.3.1/armv7e-m/fpu/fpv5-sp-d16\libgcc.a
LOAD c:/program files (x86)/atollic/truestudio for stm32 9.3.0/armtools/bin/../lib/gcc/arm-atollic-eabi/6.3.1/../../../../arm-atollic-eabi/lib/armv7e-m/fpu/fpv5-sp-d16\libc_nano.a
LOAD c:/program files (x86)/atollic/truestudio for stm32 9.3.0/armtools/bin/../lib/gcc/arm-atollic-eabi/6.3.1/../../../../arm-atollic-eabi/lib/armv7e-m/fpu/fpv5-sp-d16\libnosys.a
END GROUP
START GROUP
LOAD c:/program files (x86)/atollic/truestudio for stm32 9.3.0/armtools/bin/../lib/gcc/arm-atollic-eabi/6.3.1/armv7e-m/fpu/fpv5-sp-d16\libgcc.a
LOAD c:/program files (x86)/atollic/truestudio for stm32 9.3.0/armtools/bin/../lib/gcc/arm-atollic-eabi/6.3.1/../../../../arm-atollic-eabi/lib/armv7e-m/fpu/fpv5-sp-d16\libc_nano.a
LOAD c:/program files (x86)/atollic/truestudio for stm32 9.3.0/armtools/bin/../lib/gcc/arm-atollic-eabi/6.3.1/../../../../arm-atollic-eabi/lib/armv7e-m/fpu/fpv5-sp-d16\libnosys.a
END GROUP
LOAD c:/program files (x86)/atollic/truestudio for stm32 9.3.0/armtools/bin/../lib/gcc/arm-atollic-eabi/6.3.1/armv7e-m/fpu/fpv5-sp-d16/crtend.o
LOAD c:/program files (x86)/atollic/truestudio for stm32 9.3.0/armtools/bin/../lib/gcc/arm-atollic-eabi/6.3.1/armv7e-m/fpu/fpv5-sp-d16/crtn.o
                0x20040000                _estack = 0x20040000
                0x00000800                _Min_Heap_Size = 0x800
                0x00000800                _Min_Stack_Size = 0x800

.isr_vector     0x08000000      0x1e0
                0x08000000                . = ALIGN (0x4)
 *(.isr_vector)
 .isr_vector    0x08000000      0x1e0 startup\startup_stm32f723xx.o
                0x08000000                g_pfnVectors
                0x080001e0                . = ALIGN (0x4)

.text           0x080001e0     0x5548
                0x080001e0                . = ALIGN (0x4)
 *(.text)
 .text          0x080001e0       0x40 c:/program files (x86)/atollic/truestudio for stm32 9.3.0/armtools/bin/../lib/gcc/arm-atollic-eabi/6.3.1/armv7e-m/fpu/fpv5-sp-d16/crtbegin.o
 .text          0x08000220       0xa0 c:/program files (x86)/atollic/truestudio for stm32 9.3.0/armtools/bin/../lib/gcc/arm-atollic-eabi/6.3.1/../../../../arm-atollic-eabi/lib/armv7e-m/fpu/fpv5-sp-d16\libc_nano.a(lib_a-memchr.o)
                0x08000220                memchr
 .text          0x080002c0       0x30 c:/program files (x86)/atollic/truestudio for stm32 9.3.0/armtools/bin/../lib/gcc/arm-atollic-eabi/6.3.1/armv7e-m/fpu/fpv5-sp-d16\libgcc.a(_aeabi_uldivmod.o)
                0x080002c0                __aeabi_uldivmod
 .text          0x080002f0      0x2dc c:/program files (x86)/atollic/truestudio for stm32 9.3.0/armtools/bin/../lib/gcc/arm-atollic-eabi/6.3.1/armv7e-m/fpu/fpv5-sp-d16\libgcc.a(_udivmoddi4.o)
                0x080002f0                __udivmoddi4
 .text          0x080005cc        0x4 c:/program files (x86)/atollic/truestudio for stm32 9.3.0/armtools/bin/../lib/gcc/arm-atollic-eabi/6.3.1/armv7e-m/fpu/fpv5-sp-d16\libgcc.a(_dvmd_tls.o)
                0x080005cc                __aeabi_idiv0
                0x080005cc                __aeabi_ldiv0
 *(.text*)
 .text.__io_putchar
                0x080005d0       0x2c Core\Src\main.o
                0x080005d0                __io_putchar
 .text.setHiZ   0x080005fc       0x3c Core\Src\main.o
                0x080005fc                setHiZ
 .text.getStatus
                0x08000638       0xac Core\Src\main.o
                0x08000638                getStatus
 .text.test_move
                0x080006e4       0xcc Core\Src\main.o
                0x080006e4                test_move
 .text.set_param8
                0x080007b0       0x84 Core\Src\main.o
                0x080007b0                set_param8
 .text.set_param16
                0x08000834       0xbc Core\Src\main.o
                0x08000834                set_param16
 .text.init_stepper
                0x080008f0       0x4a Core\Src\main.o
                0x080008f0                init_stepper
 *fill*         0x0800093a        0x2 
 .text.main     0x0800093c       0xcc Core\Src\main.o
                0x0800093c                main
 .text.SystemClock_Config
                0x08000a08       0xf4 Core\Src\main.o
                0x08000a08                SystemClock_Config
 .text.MX_SPI1_Init
                0x08000afc       0x7c Core\Src\main.o
 .text.MX_TIM12_Init
                0x08000b78       0xc4 Core\Src\main.o
 .text.MX_USART6_UART_Init
                0x08000c3c       0x60 Core\Src\main.o
 .text.MX_GPIO_Init
                0x08000c9c       0xf0 Core\Src\main.o
 .text.Error_Handler
                0x08000d8c        0x8 Core\Src\main.o
                0x08000d8c                Error_Handler
 .text.HAL_MspInit
                0x08000d94       0x48 Core\Src\stm32f7xx_hal_msp.o
                0x08000d94                HAL_MspInit
 .text.HAL_SPI_MspInit
                0x08000ddc       0xc4 Core\Src\stm32f7xx_hal_msp.o
                0x08000ddc                HAL_SPI_MspInit
 .text.HAL_TIM_Base_MspInit
                0x08000ea0       0x40 Core\Src\stm32f7xx_hal_msp.o
                0x08000ea0                HAL_TIM_Base_MspInit
 .text.HAL_TIM_MspPostInit
                0x08000ee0       0x70 Core\Src\stm32f7xx_hal_msp.o
                0x08000ee0                HAL_TIM_MspPostInit
 .text.HAL_UART_MspInit
                0x08000f50       0x88 Core\Src\stm32f7xx_hal_msp.o
                0x08000f50                HAL_UART_MspInit
 .text.NMI_Handler
                0x08000fd8        0x6 Core\Src\stm32f7xx_it.o
                0x08000fd8                NMI_Handler
 .text.HardFault_Handler
                0x08000fde        0x6 Core\Src\stm32f7xx_it.o
                0x08000fde                HardFault_Handler
 .text.MemManage_Handler
                0x08000fe4        0x6 Core\Src\stm32f7xx_it.o
                0x08000fe4                MemManage_Handler
 .text.BusFault_Handler
                0x08000fea        0x6 Core\Src\stm32f7xx_it.o
                0x08000fea                BusFault_Handler
 .text.UsageFault_Handler
                0x08000ff0        0x6 Core\Src\stm32f7xx_it.o
                0x08000ff0                UsageFault_Handler
 .text.SVC_Handler
                0x08000ff6        0xe Core\Src\stm32f7xx_it.o
                0x08000ff6                SVC_Handler
 .text.DebugMon_Handler
                0x08001004        0xe Core\Src\stm32f7xx_it.o
                0x08001004                DebugMon_Handler
 .text.PendSV_Handler
                0x08001012        0xe Core\Src\stm32f7xx_it.o
                0x08001012                PendSV_Handler
 .text.SysTick_Handler
                0x08001020        0xc Core\Src\stm32f7xx_it.o
                0x08001020                SysTick_Handler
 .text._read    0x0800102c       0x3a Core\Src\syscalls.o
                0x0800102c                _read
 .text._write   0x08001066       0x38 Core\Src\syscalls.o
                0x08001066                _write
 *fill*         0x0800109e        0x2 
 .text._sbrk    0x080010a0       0x58 Core\Src\syscalls.o
                0x080010a0                _sbrk
 .text._close   0x080010f8       0x18 Core\Src\syscalls.o
                0x080010f8                _close
 .text._fstat   0x08001110       0x20 Core\Src\syscalls.o
                0x08001110                _fstat
 .text._isatty  0x08001130       0x16 Core\Src\syscalls.o
                0x08001130                _isatty
 .text._lseek   0x08001146       0x1a Core\Src\syscalls.o
                0x08001146                _lseek
 .text.SystemInit
                0x08001160       0x24 Core\Src\system_stm32f7xx.o
                0x08001160                SystemInit
 .text.HAL_Init
                0x08001184       0x1a Drivers\STM32F7xx_HAL_Driver\Src\stm32f7xx_hal.o
                0x08001184                HAL_Init
 *fill*         0x0800119e        0x2 
 .text.HAL_InitTick
                0x080011a0       0x60 Drivers\STM32F7xx_HAL_Driver\Src\stm32f7xx_hal.o
                0x080011a0                HAL_InitTick
 .text.HAL_IncTick
                0x08001200       0x28 Drivers\STM32F7xx_HAL_Driver\Src\stm32f7xx_hal.o
                0x08001200                HAL_IncTick
 .text.HAL_GetTick
                0x08001228       0x18 Drivers\STM32F7xx_HAL_Driver\Src\stm32f7xx_hal.o
                0x08001228                HAL_GetTick
 .text.HAL_Delay
                0x08001240       0x44 Drivers\STM32F7xx_HAL_Driver\Src\stm32f7xx_hal.o
                0x08001240                HAL_Delay
 .text.__NVIC_SetPriorityGrouping
                0x08001284       0x48 Drivers\STM32F7xx_HAL_Driver\Src\stm32f7xx_hal_cortex.o
 .text.__NVIC_GetPriorityGrouping
                0x080012cc       0x1c Drivers\STM32F7xx_HAL_Driver\Src\stm32f7xx_hal_cortex.o
 .text.__NVIC_SetPriority
                0x080012e8       0x54 Drivers\STM32F7xx_HAL_Driver\Src\stm32f7xx_hal_cortex.o
 .text.NVIC_EncodePriority
                0x0800133c       0x62 Drivers\STM32F7xx_HAL_Driver\Src\stm32f7xx_hal_cortex.o
 *fill*         0x0800139e        0x2 
 .text.SysTick_Config
                0x080013a0       0x44 Drivers\STM32F7xx_HAL_Driver\Src\stm32f7xx_hal_cortex.o
 .text.HAL_NVIC_SetPriorityGrouping
                0x080013e4       0x16 Drivers\STM32F7xx_HAL_Driver\Src\stm32f7xx_hal_cortex.o
                0x080013e4                HAL_NVIC_SetPriorityGrouping
 .text.HAL_NVIC_SetPriority
                0x080013fa       0x38 Drivers\STM32F7xx_HAL_Driver\Src\stm32f7xx_hal_cortex.o
                0x080013fa                HAL_NVIC_SetPriority
 .text.HAL_SYSTICK_Config
                0x08001432       0x18 Drivers\STM32F7xx_HAL_Driver\Src\stm32f7xx_hal_cortex.o
                0x08001432                HAL_SYSTICK_Config
 *fill*         0x0800144a        0x2 
 .text.HAL_GPIO_Init
                0x0800144c      0x334 Drivers\STM32F7xx_HAL_Driver\Src\stm32f7xx_hal_gpio.o
                0x0800144c                HAL_GPIO_Init
 .text.HAL_GPIO_WritePin
                0x08001780       0x32 Drivers\STM32F7xx_HAL_Driver\Src\stm32f7xx_hal_gpio.o
                0x08001780                HAL_GPIO_WritePin
 *fill*         0x080017b2        0x2 
 .text.HAL_RCC_OscConfig
                0x080017b4      0x548 Drivers\STM32F7xx_HAL_Driver\Src\stm32f7xx_hal_rcc.o
                0x080017b4                HAL_RCC_OscConfig
 .text.HAL_RCC_ClockConfig
                0x08001cfc      0x1d8 Drivers\STM32F7xx_HAL_Driver\Src\stm32f7xx_hal_rcc.o
                0x08001cfc                HAL_RCC_ClockConfig
 .text.HAL_RCC_GetSysClockFreq
                0x08001ed4      0x16c Drivers\STM32F7xx_HAL_Driver\Src\stm32f7xx_hal_rcc.o
                0x08001ed4                HAL_RCC_GetSysClockFreq
 .text.HAL_RCC_GetHCLKFreq
                0x08002040       0x18 Drivers\STM32F7xx_HAL_Driver\Src\stm32f7xx_hal_rcc.o
                0x08002040                HAL_RCC_GetHCLKFreq
 .text.HAL_RCC_GetPCLK1Freq
                0x08002058       0x28 Drivers\STM32F7xx_HAL_Driver\Src\stm32f7xx_hal_rcc.o
                0x08002058                HAL_RCC_GetPCLK1Freq
 .text.HAL_RCC_GetPCLK2Freq
                0x08002080       0x28 Drivers\STM32F7xx_HAL_Driver\Src\stm32f7xx_hal_rcc.o
                0x08002080                HAL_RCC_GetPCLK2Freq
 .text.HAL_RCCEx_PeriphCLKConfig
                0x080020a8      0x694 Drivers\STM32F7xx_HAL_Driver\Src\stm32f7xx_hal_rcc_ex.o
                0x080020a8                HAL_RCCEx_PeriphCLKConfig
 .text.HAL_SPI_Init
                0x0800273c      0x152 Drivers\STM32F7xx_HAL_Driver\Src\stm32f7xx_hal_spi.o
                0x0800273c                HAL_SPI_Init
 .text.HAL_SPI_Transmit
                0x0800288e      0x2d8 Drivers\STM32F7xx_HAL_Driver\Src\stm32f7xx_hal_spi.o
                0x0800288e                HAL_SPI_Transmit
 .text.HAL_SPI_TransmitReceive
                0x08002b66      0x420 Drivers\STM32F7xx_HAL_Driver\Src\stm32f7xx_hal_spi.o
                0x08002b66                HAL_SPI_TransmitReceive
 *fill*         0x08002f86        0x2 
 .text.SPI_WaitFlagStateUntilTimeout
                0x08002f88      0x110 Drivers\STM32F7xx_HAL_Driver\Src\stm32f7xx_hal_spi.o
 .text.SPI_WaitFifoStateUntilTimeout
                0x08003098      0x124 Drivers\STM32F7xx_HAL_Driver\Src\stm32f7xx_hal_spi.o
 .text.SPI_EndRxTxTransaction
                0x080031bc       0x8c Drivers\STM32F7xx_HAL_Driver\Src\stm32f7xx_hal_spi.o
 .text.HAL_TIM_Base_Init
                0x08003248       0xae Drivers\STM32F7xx_HAL_Driver\Src\stm32f7xx_hal_tim.o
                0x08003248                HAL_TIM_Base_Init
 .text.HAL_TIM_PWM_Init
                0x080032f6       0xae Drivers\STM32F7xx_HAL_Driver\Src\stm32f7xx_hal_tim.o
                0x080032f6                HAL_TIM_PWM_Init
 .text.HAL_TIM_PWM_MspInit
                0x080033a4       0x14 Drivers\STM32F7xx_HAL_Driver\Src\stm32f7xx_hal_tim.o
                0x080033a4                HAL_TIM_PWM_MspInit
 .text.HAL_TIM_PWM_ConfigChannel
                0x080033b8      0x220 Drivers\STM32F7xx_HAL_Driver\Src\stm32f7xx_hal_tim.o
                0x080033b8                HAL_TIM_PWM_ConfigChannel
 .text.HAL_TIM_ConfigClockSource
                0x080035d8      0x174 Drivers\STM32F7xx_HAL_Driver\Src\stm32f7xx_hal_tim.o
                0x080035d8                HAL_TIM_ConfigClockSource
 .text.TIM_Base_SetConfig
                0x0800374c      0x140 Drivers\STM32F7xx_HAL_Driver\Src\stm32f7xx_hal_tim.o
                0x0800374c                TIM_Base_SetConfig
 .text.TIM_OC1_SetConfig
                0x0800388c       0xe4 Drivers\STM32F7xx_HAL_Driver\Src\stm32f7xx_hal_tim.o
 .text.TIM_OC2_SetConfig
                0x08003970       0xf0 Drivers\STM32F7xx_HAL_Driver\Src\stm32f7xx_hal_tim.o
                0x08003970                TIM_OC2_SetConfig
 .text.TIM_OC3_SetConfig
                0x08003a60       0xec Drivers\STM32F7xx_HAL_Driver\Src\stm32f7xx_hal_tim.o
 .text.TIM_OC4_SetConfig
                0x08003b4c       0xb0 Drivers\STM32F7xx_HAL_Driver\Src\stm32f7xx_hal_tim.o
 .text.TIM_OC5_SetConfig
                0x08003bfc       0xa4 Drivers\STM32F7xx_HAL_Driver\Src\stm32f7xx_hal_tim.o
 .text.TIM_OC6_SetConfig
                0x08003ca0       0xa8 Drivers\STM32F7xx_HAL_Driver\Src\stm32f7xx_hal_tim.o
 .text.TIM_TI1_ConfigInputStage
                0x08003d48       0x5e Drivers\STM32F7xx_HAL_Driver\Src\stm32f7xx_hal_tim.o
 .text.TIM_TI2_ConfigInputStage
                0x08003da6       0x60 Drivers\STM32F7xx_HAL_Driver\Src\stm32f7xx_hal_tim.o
 .text.TIM_ITRx_SetConfig
                0x08003e06       0x36 Drivers\STM32F7xx_HAL_Driver\Src\stm32f7xx_hal_tim.o
 .text.TIM_ETR_SetConfig
                0x08003e3c       0x40 Drivers\STM32F7xx_HAL_Driver\Src\stm32f7xx_hal_tim.o
                0x08003e3c                TIM_ETR_SetConfig
 .text.HAL_UART_Init
                0x08003e7c       0x9c Drivers\STM32F7xx_HAL_Driver\Src\stm32f7xx_hal_uart.o
                0x08003e7c                HAL_UART_Init
 .text.HAL_UART_Transmit
                0x08003f18      0x122 Drivers\STM32F7xx_HAL_Driver\Src\stm32f7xx_hal_uart.o
                0x08003f18                HAL_UART_Transmit
 *fill*         0x0800403a        0x2 
 .text.UART_SetConfig
                0x0800403c      0x4c0 Drivers\STM32F7xx_HAL_Driver\Src\stm32f7xx_hal_uart.o
                0x0800403c                UART_SetConfig
 .text.UART_AdvFeatureConfig
                0x080044fc      0x144 Drivers\STM32F7xx_HAL_Driver\Src\stm32f7xx_hal_uart.o
                0x080044fc                UART_AdvFeatureConfig
 .text.UART_CheckIdleState
                0x08004640       0x66 Drivers\STM32F7xx_HAL_Driver\Src\stm32f7xx_hal_uart.o
                0x08004640                UART_CheckIdleState
 .text.UART_WaitOnFlagUntilTimeout
                0x080046a6       0xf8 Drivers\STM32F7xx_HAL_Driver\Src\stm32f7xx_hal_uart.o
                0x080046a6                UART_WaitOnFlagUntilTimeout
 *fill*         0x0800479e        0x2 
 .text.Reset_Handler
                0x080047a0       0x50 startup\startup_stm32f723xx.o
                0x080047a0                Reset_Handler
 .text.Default_Handler
                0x080047f0        0x2 startup\startup_stm32f723xx.o
                0x080047f0                RTC_Alarm_IRQHandler
                0x080047f0                EXTI2_IRQHandler
                0x080047f0                TIM8_CC_IRQHandler
                0x080047f0                UART8_IRQHandler
                0x080047f0                SPI4_IRQHandler
                0x080047f0                TIM1_CC_IRQHandler
                0x080047f0                DMA2_Stream5_IRQHandler
                0x080047f0                DMA1_Stream5_IRQHandler
                0x080047f0                PVD_IRQHandler
                0x080047f0                TAMP_STAMP_IRQHandler
                0x080047f0                EXTI3_IRQHandler
                0x080047f0                TIM8_TRG_COM_TIM14_IRQHandler
                0x080047f0                TIM1_UP_TIM10_IRQHandler
                0x080047f0                TIM8_UP_TIM13_IRQHandler
                0x080047f0                I2C3_ER_IRQHandler
                0x080047f0                EXTI0_IRQHandler
                0x080047f0                I2C2_EV_IRQHandler
                0x080047f0                DMA1_Stream2_IRQHandler
                0x080047f0                CAN1_RX0_IRQHandler
                0x080047f0                FPU_IRQHandler
                0x080047f0                OTG_HS_WKUP_IRQHandler
                0x080047f0                DMA2_Stream2_IRQHandler
                0x080047f0                SPI1_IRQHandler
                0x080047f0                TIM6_DAC_IRQHandler
                0x080047f0                TIM1_BRK_TIM9_IRQHandler
                0x080047f0                DMA2_Stream3_IRQHandler
                0x080047f0                SAI2_IRQHandler
                0x080047f0                USART6_IRQHandler
                0x080047f0                USART3_IRQHandler
                0x080047f0                CAN1_RX1_IRQHandler
                0x080047f0                UART5_IRQHandler
                0x080047f0                DMA2_Stream0_IRQHandler
                0x080047f0                TIM4_IRQHandler
                0x080047f0                QUADSPI_IRQHandler
                0x080047f0                I2C1_EV_IRQHandler
                0x080047f0                DMA1_Stream6_IRQHandler
                0x080047f0                DMA1_Stream1_IRQHandler
                0x080047f0                UART4_IRQHandler
                0x080047f0                TIM3_IRQHandler
                0x080047f0                RCC_IRQHandler
                0x080047f0                TIM8_BRK_TIM12_IRQHandler
                0x080047f0                Default_Handler
                0x080047f0                EXTI15_10_IRQHandler
                0x080047f0                ADC_IRQHandler
                0x080047f0                DMA1_Stream7_IRQHandler
                0x080047f0                SPI5_IRQHandler
                0x080047f0                TIM7_IRQHandler
                0x080047f0                SDMMC1_IRQHandler
                0x080047f0                TIM5_IRQHandler
                0x080047f0                DMA2_Stream7_IRQHandler
                0x080047f0                I2C3_EV_IRQHandler
                0x080047f0                EXTI9_5_IRQHandler
                0x080047f0                RTC_WKUP_IRQHandler
                0x080047f0                SPI2_IRQHandler
                0x080047f0                OTG_HS_EP1_IN_IRQHandler
                0x080047f0                DMA1_Stream0_IRQHandler
                0x080047f0                CAN1_TX_IRQHandler
                0x080047f0                EXTI4_IRQHandler
                0x080047f0                RNG_IRQHandler
                0x080047f0                OTG_HS_EP1_OUT_IRQHandler
                0x080047f0                WWDG_IRQHandler
                0x080047f0                TIM2_IRQHandler
                0x080047f0                OTG_FS_WKUP_IRQHandler
                0x080047f0                TIM1_TRG_COM_TIM11_IRQHandler
                0x080047f0                OTG_HS_IRQHandler
                0x080047f0                EXTI1_IRQHandler
                0x080047f0                SDMMC2_IRQHandler
                0x080047f0                UART7_IRQHandler
                0x080047f0                USART2_IRQHandler
                0x080047f0                I2C2_ER_IRQHandler
                0x080047f0                DMA2_Stream1_IRQHandler
                0x080047f0                CAN1_SCE_IRQHandler
                0x080047f0                FLASH_IRQHandler
                0x080047f0                DMA2_Stream4_IRQHandler
                0x080047f0                USART1_IRQHandler
                0x080047f0                OTG_FS_IRQHandler
                0x080047f0                SPI3_IRQHandler
                0x080047f0                DMA1_Stream4_IRQHandler
                0x080047f0                I2C1_ER_IRQHandler
                0x080047f0                FMC_IRQHandler
                0x080047f0                LPTIM1_IRQHandler
                0x080047f0                DMA2_Stream6_IRQHandler
                0x080047f0                SAI1_IRQHandler
                0x080047f0                DMA1_Stream3_IRQHandler
 *fill*         0x080047f2        0x2 
 .text.__errno  0x080047f4        0xc c:/program files (x86)/atollic/truestudio for stm32 9.3.0/armtools/bin/../lib/gcc/arm-atollic-eabi/6.3.1/../../../../arm-atollic-eabi/lib/armv7e-m/fpu/fpv5-sp-d16\libc_nano.a(lib_a-errno.o)
                0x080047f4                __errno
 .text.__libc_init_array
                0x08004800       0x48 c:/program files (x86)/atollic/truestudio for stm32 9.3.0/armtools/bin/../lib/gcc/arm-atollic-eabi/6.3.1/../../../../arm-atollic-eabi/lib/armv7e-m/fpu/fpv5-sp-d16\libc_nano.a(lib_a-init.o)
                0x08004800                __libc_init_array
 .text.memset   0x08004848       0x10 c:/program files (x86)/atollic/truestudio for stm32 9.3.0/armtools/bin/../lib/gcc/arm-atollic-eabi/6.3.1/../../../../arm-atollic-eabi/lib/armv7e-m/fpu/fpv5-sp-d16\libc_nano.a(lib_a-memset.o)
                0x08004848                memset
 .text.printf   0x08004858       0x30 c:/program files (x86)/atollic/truestudio for stm32 9.3.0/armtools/bin/../lib/gcc/arm-atollic-eabi/6.3.1/../../../../arm-atollic-eabi/lib/armv7e-m/fpu/fpv5-sp-d16\libc_nano.a(lib_a-printf.o)
                0x08004858                iprintf
                0x08004858                printf
 .text._puts_r  0x08004888       0xb8 c:/program files (x86)/atollic/truestudio for stm32 9.3.0/armtools/bin/../lib/gcc/arm-atollic-eabi/6.3.1/../../../../arm-atollic-eabi/lib/armv7e-m/fpu/fpv5-sp-d16\libc_nano.a(lib_a-puts.o)
                0x08004888                _puts_r
 .text.puts     0x08004940       0x10 c:/program files (x86)/atollic/truestudio for stm32 9.3.0/armtools/bin/../lib/gcc/arm-atollic-eabi/6.3.1/../../../../arm-atollic-eabi/lib/armv7e-m/fpu/fpv5-sp-d16\libc_nano.a(lib_a-puts.o)
                0x08004940                puts
 .text.__swbuf_r
                0x08004950       0xa4 c:/program files (x86)/atollic/truestudio for stm32 9.3.0/armtools/bin/../lib/gcc/arm-atollic-eabi/6.3.1/../../../../arm-atollic-eabi/lib/armv7e-m/fpu/fpv5-sp-d16\libc_nano.a(lib_a-wbuf.o)
                0x08004950                __swbuf_r
 .text.__swsetup_r
                0x080049f4       0xdc c:/program files (x86)/atollic/truestudio for stm32 9.3.0/armtools/bin/../lib/gcc/arm-atollic-eabi/6.3.1/../../../../arm-atollic-eabi/lib/armv7e-m/fpu/fpv5-sp-d16\libc_nano.a(lib_a-wsetup.o)
                0x080049f4                __swsetup_r
 .text.__sflush_r
                0x08004ad0      0x110 c:/program files (x86)/atollic/truestudio for stm32 9.3.0/armtools/bin/../lib/gcc/arm-atollic-eabi/6.3.1/../../../../arm-atollic-eabi/lib/armv7e-m/fpu/fpv5-sp-d16\libc_nano.a(lib_a-fflush.o)
                0x08004ad0                __sflush_r
 .text._fflush_r
                0x08004be0       0x54 c:/program files (x86)/atollic/truestudio for stm32 9.3.0/armtools/bin/../lib/gcc/arm-atollic-eabi/6.3.1/../../../../arm-atollic-eabi/lib/armv7e-m/fpu/fpv5-sp-d16\libc_nano.a(lib_a-fflush.o)
                0x08004be0                _fflush_r
 .text._cleanup_r
                0x08004c34        0xc c:/program files (x86)/atollic/truestudio for stm32 9.3.0/armtools/bin/../lib/gcc/arm-atollic-eabi/6.3.1/../../../../arm-atollic-eabi/lib/armv7e-m/fpu/fpv5-sp-d16\libc_nano.a(lib_a-findfp.o)
                0x08004c34                _cleanup_r
 .text.std.isra.0
                0x08004c40       0x48 c:/program files (x86)/atollic/truestudio for stm32 9.3.0/armtools/bin/../lib/gcc/arm-atollic-eabi/6.3.1/../../../../arm-atollic-eabi/lib/armv7e-m/fpu/fpv5-sp-d16\libc_nano.a(lib_a-findfp.o)
 .text.__sfmoreglue
                0x08004c88       0x2c c:/program files (x86)/atollic/truestudio for stm32 9.3.0/armtools/bin/../lib/gcc/arm-atollic-eabi/6.3.1/../../../../arm-atollic-eabi/lib/armv7e-m/fpu/fpv5-sp-d16\libc_nano.a(lib_a-findfp.o)
                0x08004c88                __sfmoreglue
 .text.__sinit  0x08004cb4       0x60 c:/program files (x86)/atollic/truestudio for stm32 9.3.0/armtools/bin/../lib/gcc/arm-atollic-eabi/6.3.1/../../../../arm-atollic-eabi/lib/armv7e-m/fpu/fpv5-sp-d16\libc_nano.a(lib_a-findfp.o)
                0x08004cb4                __sinit
 .text.__sfp    0x08004d14       0x78 c:/program files (x86)/atollic/truestudio for stm32 9.3.0/armtools/bin/../lib/gcc/arm-atollic-eabi/6.3.1/../../../../arm-atollic-eabi/lib/armv7e-m/fpu/fpv5-sp-d16\libc_nano.a(lib_a-findfp.o)
                0x08004d14                __sfp
 .text._fwalk_reent
                0x08004d8c       0x3c c:/program files (x86)/atollic/truestudio for stm32 9.3.0/armtools/bin/../lib/gcc/arm-atollic-eabi/6.3.1/../../../../arm-atollic-eabi/lib/armv7e-m/fpu/fpv5-sp-d16\libc_nano.a(lib_a-fwalk.o)
                0x08004d8c                _fwalk_reent
 .text.__swhatbuf_r
                0x08004dc8       0x48 c:/program files (x86)/atollic/truestudio for stm32 9.3.0/armtools/bin/../lib/gcc/arm-atollic-eabi/6.3.1/../../../../arm-atollic-eabi/lib/armv7e-m/fpu/fpv5-sp-d16\libc_nano.a(lib_a-makebuf.o)
                0x08004dc8                __swhatbuf_r
 .text.__smakebuf_r
                0x08004e10       0x80 c:/program files (x86)/atollic/truestudio for stm32 9.3.0/armtools/bin/../lib/gcc/arm-atollic-eabi/6.3.1/../../../../arm-atollic-eabi/lib/armv7e-m/fpu/fpv5-sp-d16\libc_nano.a(lib_a-makebuf.o)
                0x08004e10                __smakebuf_r
 .text._free_r  0x08004e90       0x9c c:/program files (x86)/atollic/truestudio for stm32 9.3.0/armtools/bin/../lib/gcc/arm-atollic-eabi/6.3.1/../../../../arm-atollic-eabi/lib/armv7e-m/fpu/fpv5-sp-d16\libc_nano.a(lib_a-nano-freer.o)
                0x08004e90                _free_r
 .text._malloc_r
                0x08004f2c       0xbc c:/program files (x86)/atollic/truestudio for stm32 9.3.0/armtools/bin/../lib/gcc/arm-atollic-eabi/6.3.1/../../../../arm-atollic-eabi/lib/armv7e-m/fpu/fpv5-sp-d16\libc_nano.a(lib_a-nano-mallocr.o)
                0x08004f2c                _malloc_r
 .text.__sfputc_r
                0x08004fe8       0x30 c:/program files (x86)/atollic/truestudio for stm32 9.3.0/armtools/bin/../lib/gcc/arm-atollic-eabi/6.3.1/../../../../arm-atollic-eabi/lib/armv7e-m/fpu/fpv5-sp-d16\libc_nano.a(lib_a-nano-vfprintf.o)
 .text.__sfputs_r
                0x08005018       0x24 c:/program files (x86)/atollic/truestudio for stm32 9.3.0/armtools/bin/../lib/gcc/arm-atollic-eabi/6.3.1/../../../../arm-atollic-eabi/lib/armv7e-m/fpu/fpv5-sp-d16\libc_nano.a(lib_a-nano-vfprintf.o)
                0x08005018                __sfputs_r
 .text._vfprintf_r
                0x0800503c      0x22c c:/program files (x86)/atollic/truestudio for stm32 9.3.0/armtools/bin/../lib/gcc/arm-atollic-eabi/6.3.1/../../../../arm-atollic-eabi/lib/armv7e-m/fpu/fpv5-sp-d16\libc_nano.a(lib_a-nano-vfprintf.o)
                0x0800503c                _vfprintf_r
                0x0800503c                _vfiprintf_r
 .text._printf_common
                0x08005268       0xec c:/program files (x86)/atollic/truestudio for stm32 9.3.0/armtools/bin/../lib/gcc/arm-atollic-eabi/6.3.1/../../../../arm-atollic-eabi/lib/armv7e-m/fpu/fpv5-sp-d16\libc_nano.a(lib_a-nano-vfprintf_i.o)
                0x08005268                _printf_common
 .text._printf_i
                0x08005354      0x240 c:/program files (x86)/atollic/truestudio for stm32 9.3.0/armtools/bin/../lib/gcc/arm-atollic-eabi/6.3.1/../../../../arm-atollic-eabi/lib/armv7e-m/fpu/fpv5-sp-d16\libc_nano.a(lib_a-nano-vfprintf_i.o)
                0x08005354                _printf_i
 .text._sbrk_r  0x08005594       0x20 c:/program files (x86)/atollic/truestudio for stm32 9.3.0/armtools/bin/../lib/gcc/arm-atollic-eabi/6.3.1/../../../../arm-atollic-eabi/lib/armv7e-m/fpu/fpv5-sp-d16\libc_nano.a(lib_a-sbrkr.o)
                0x08005594                _sbrk_r
 .text.__sread  0x080055b4       0x22 c:/program files (x86)/atollic/truestudio for stm32 9.3.0/armtools/bin/../lib/gcc/arm-atollic-eabi/6.3.1/../../../../arm-atollic-eabi/lib/armv7e-m/fpu/fpv5-sp-d16\libc_nano.a(lib_a-stdio.o)
                0x080055b4                __sread
 .text.__swrite
                0x080055d6       0x38 c:/program files (x86)/atollic/truestudio for stm32 9.3.0/armtools/bin/../lib/gcc/arm-atollic-eabi/6.3.1/../../../../arm-atollic-eabi/lib/armv7e-m/fpu/fpv5-sp-d16\libc_nano.a(lib_a-stdio.o)
                0x080055d6                __swrite
 .text.__sseek  0x0800560e       0x24 c:/program files (x86)/atollic/truestudio for stm32 9.3.0/armtools/bin/../lib/gcc/arm-atollic-eabi/6.3.1/../../../../arm-atollic-eabi/lib/armv7e-m/fpu/fpv5-sp-d16\libc_nano.a(lib_a-stdio.o)
                0x0800560e                __sseek
 .text.__sclose
                0x08005632        0x8 c:/program files (x86)/atollic/truestudio for stm32 9.3.0/armtools/bin/../lib/gcc/arm-atollic-eabi/6.3.1/../../../../arm-atollic-eabi/lib/armv7e-m/fpu/fpv5-sp-d16\libc_nano.a(lib_a-stdio.o)
                0x08005632                __sclose
 *fill*         0x0800563a        0x2 
 .text._write_r
                0x0800563c       0x24 c:/program files (x86)/atollic/truestudio for stm32 9.3.0/armtools/bin/../lib/gcc/arm-atollic-eabi/6.3.1/../../../../arm-atollic-eabi/lib/armv7e-m/fpu/fpv5-sp-d16\libc_nano.a(lib_a-writer.o)
                0x0800563c                _write_r
 .text._close_r
                0x08005660       0x20 c:/program files (x86)/atollic/truestudio for stm32 9.3.0/armtools/bin/../lib/gcc/arm-atollic-eabi/6.3.1/../../../../arm-atollic-eabi/lib/armv7e-m/fpu/fpv5-sp-d16\libc_nano.a(lib_a-closer.o)
                0x08005660                _close_r
 .text._fstat_r
                0x08005680       0x24 c:/program files (x86)/atollic/truestudio for stm32 9.3.0/armtools/bin/../lib/gcc/arm-atollic-eabi/6.3.1/../../../../arm-atollic-eabi/lib/armv7e-m/fpu/fpv5-sp-d16\libc_nano.a(lib_a-fstatr.o)
                0x08005680                _fstat_r
 .text._isatty_r
                0x080056a4       0x20 c:/program files (x86)/atollic/truestudio for stm32 9.3.0/armtools/bin/../lib/gcc/arm-atollic-eabi/6.3.1/../../../../arm-atollic-eabi/lib/armv7e-m/fpu/fpv5-sp-d16\libc_nano.a(lib_a-isattyr.o)
                0x080056a4                _isatty_r
 .text._lseek_r
                0x080056c4       0x24 c:/program files (x86)/atollic/truestudio for stm32 9.3.0/armtools/bin/../lib/gcc/arm-atollic-eabi/6.3.1/../../../../arm-atollic-eabi/lib/armv7e-m/fpu/fpv5-sp-d16\libc_nano.a(lib_a-lseekr.o)
                0x080056c4                _lseek_r
 .text.__malloc_lock
                0x080056e8        0x2 c:/program files (x86)/atollic/truestudio for stm32 9.3.0/armtools/bin/../lib/gcc/arm-atollic-eabi/6.3.1/../../../../arm-atollic-eabi/lib/armv7e-m/fpu/fpv5-sp-d16\libc_nano.a(lib_a-mlock.o)
                0x080056e8                __malloc_lock
 .text.__malloc_unlock
                0x080056ea        0x2 c:/program files (x86)/atollic/truestudio for stm32 9.3.0/armtools/bin/../lib/gcc/arm-atollic-eabi/6.3.1/../../../../arm-atollic-eabi/lib/armv7e-m/fpu/fpv5-sp-d16\libc_nano.a(lib_a-mlock.o)
                0x080056ea                __malloc_unlock
 .text._read_r  0x080056ec       0x24 c:/program files (x86)/atollic/truestudio for stm32 9.3.0/armtools/bin/../lib/gcc/arm-atollic-eabi/6.3.1/../../../../arm-atollic-eabi/lib/armv7e-m/fpu/fpv5-sp-d16\libc_nano.a(lib_a-readr.o)
                0x080056ec                _read_r
 *(.glue_7)
 .glue_7        0x08005710        0x0 linker stubs
 *(.glue_7t)
 .glue_7t       0x08005710        0x0 linker stubs
 *(.eh_frame)
 .eh_frame      0x08005710        0x0 c:/program files (x86)/atollic/truestudio for stm32 9.3.0/armtools/bin/../lib/gcc/arm-atollic-eabi/6.3.1/armv7e-m/fpu/fpv5-sp-d16/crtbegin.o
 *(.init)
 .init          0x08005710        0x4 c:/program files (x86)/atollic/truestudio for stm32 9.3.0/armtools/bin/../lib/gcc/arm-atollic-eabi/6.3.1/armv7e-m/fpu/fpv5-sp-d16/crti.o
                0x08005710                _init
 .init          0x08005714        0x8 c:/program files (x86)/atollic/truestudio for stm32 9.3.0/armtools/bin/../lib/gcc/arm-atollic-eabi/6.3.1/armv7e-m/fpu/fpv5-sp-d16/crtn.o
 *(.fini)
 .fini          0x0800571c        0x4 c:/program files (x86)/atollic/truestudio for stm32 9.3.0/armtools/bin/../lib/gcc/arm-atollic-eabi/6.3.1/armv7e-m/fpu/fpv5-sp-d16/crti.o
                0x0800571c                _fini
 .fini          0x08005720        0x8 c:/program files (x86)/atollic/truestudio for stm32 9.3.0/armtools/bin/../lib/gcc/arm-atollic-eabi/6.3.1/armv7e-m/fpu/fpv5-sp-d16/crtn.o
                0x08005728                . = ALIGN (0x4)
                0x08005728                _etext = .

.vfp11_veneer   0x08005728        0x0
 .vfp11_veneer  0x08005728        0x0 linker stubs

.v4_bx          0x08005728        0x0
 .v4_bx         0x08005728        0x0 linker stubs

.iplt           0x08005728        0x0
 .iplt          0x08005728        0x0 c:/program files (x86)/atollic/truestudio for stm32 9.3.0/armtools/bin/../lib/gcc/arm-atollic-eabi/6.3.1/armv7e-m/fpu/fpv5-sp-d16/crtbegin.o

.rodata         0x08005728       0xf0
                0x08005728                . = ALIGN (0x4)
 *(.rodata)
 .rodata        0x08005728       0x40 Core\Src\main.o
 *(.rodata*)
 .rodata.AHBPrescTable
                0x08005768       0x10 Core\Src\system_stm32f7xx.o
                0x08005768                AHBPrescTable
 .rodata.APBPrescTable
                0x08005778        0x8 Core\Src\system_stm32f7xx.o
                0x08005778                APBPrescTable
 .rodata._global_impure_ptr
                0x08005780        0x4 c:/program files (x86)/atollic/truestudio for stm32 9.3.0/armtools/bin/../lib/gcc/arm-atollic-eabi/6.3.1/../../../../arm-atollic-eabi/lib/armv7e-m/fpu/fpv5-sp-d16\libc_nano.a(lib_a-impure.o)
                0x08005780                _global_impure_ptr
 .rodata.__sf_fake_stderr
                0x08005784       0x20 c:/program files (x86)/atollic/truestudio for stm32 9.3.0/armtools/bin/../lib/gcc/arm-atollic-eabi/6.3.1/../../../../arm-atollic-eabi/lib/armv7e-m/fpu/fpv5-sp-d16\libc_nano.a(lib_a-findfp.o)
                0x08005784                __sf_fake_stderr
 .rodata.__sf_fake_stdin
                0x080057a4       0x20 c:/program files (x86)/atollic/truestudio for stm32 9.3.0/armtools/bin/../lib/gcc/arm-atollic-eabi/6.3.1/../../../../arm-atollic-eabi/lib/armv7e-m/fpu/fpv5-sp-d16\libc_nano.a(lib_a-findfp.o)
                0x080057a4                __sf_fake_stdin
 .rodata.__sf_fake_stdout
                0x080057c4       0x20 c:/program files (x86)/atollic/truestudio for stm32 9.3.0/armtools/bin/../lib/gcc/arm-atollic-eabi/6.3.1/../../../../arm-atollic-eabi/lib/armv7e-m/fpu/fpv5-sp-d16\libc_nano.a(lib_a-findfp.o)
                0x080057c4                __sf_fake_stdout
 .rodata._vfprintf_r.str1.1
                0x080057e4       0x11 c:/program files (x86)/atollic/truestudio for stm32 9.3.0/armtools/bin/../lib/gcc/arm-atollic-eabi/6.3.1/../../../../arm-atollic-eabi/lib/armv7e-m/fpu/fpv5-sp-d16\libc_nano.a(lib_a-nano-vfprintf.o)
 .rodata._printf_i.str1.1
                0x080057f5       0x22 c:/program files (x86)/atollic/truestudio for stm32 9.3.0/armtools/bin/../lib/gcc/arm-atollic-eabi/6.3.1/../../../../arm-atollic-eabi/lib/armv7e-m/fpu/fpv5-sp-d16\libc_nano.a(lib_a-nano-vfprintf_i.o)
                0x08005818                . = ALIGN (0x4)
 *fill*         0x08005817        0x1 

.ARM.extab
 *(.ARM.extab* .gnu.linkonce.armextab.*)

.ARM            0x08005818        0x8
                0x08005818                __exidx_start = .
 *(.ARM.exidx*)
 .ARM.exidx     0x08005818        0x8 c:/program files (x86)/atollic/truestudio for stm32 9.3.0/armtools/bin/../lib/gcc/arm-atollic-eabi/6.3.1/armv7e-m/fpu/fpv5-sp-d16\libgcc.a(_udivmoddi4.o)
                0x08005820                __exidx_end = .

.rel.dyn        0x08005820        0x0
 .rel.iplt      0x08005820        0x0 c:/program files (x86)/atollic/truestudio for stm32 9.3.0/armtools/bin/../lib/gcc/arm-atollic-eabi/6.3.1/armv7e-m/fpu/fpv5-sp-d16/crtbegin.o

.preinit_array  0x08005820        0x0
                0x08005820                PROVIDE (__preinit_array_start, .)
 *(.preinit_array*)
                0x08005820                PROVIDE (__preinit_array_end, .)

.init_array     0x08005820        0x4
                0x08005820                PROVIDE (__init_array_start, .)
 *(SORT(.init_array.*))
 *(.init_array*)
 .init_array    0x08005820        0x4 c:/program files (x86)/atollic/truestudio for stm32 9.3.0/armtools/bin/../lib/gcc/arm-atollic-eabi/6.3.1/armv7e-m/fpu/fpv5-sp-d16/crtbegin.o
                0x08005824                PROVIDE (__init_array_end, .)

.fini_array     0x08005824        0x4
                [!provide]                PROVIDE (__fini_array_start, .)
 *(SORT(.fini_array.*))
 *(.fini_array*)
 .fini_array    0x08005824        0x4 c:/program files (x86)/atollic/truestudio for stm32 9.3.0/armtools/bin/../lib/gcc/arm-atollic-eabi/6.3.1/armv7e-m/fpu/fpv5-sp-d16/crtbegin.o
                [!provide]                PROVIDE (__fini_array_end, .)
                0x08005828                _sidata = LOADADDR (.data)

.data           0x20000000       0x70 load address 0x08005828
                0x20000000                . = ALIGN (0x4)
                0x20000000                _sdata = .
 *(.data)
 *(.data*)
 .data.SystemCoreClock
                0x20000000        0x4 Core\Src\system_stm32f7xx.o
                0x20000000                SystemCoreClock
 .data.uwTickPrio
                0x20000004        0x4 Drivers\STM32F7xx_HAL_Driver\Src\stm32f7xx_hal.o
                0x20000004                uwTickPrio
 .data.uwTickFreq
                0x20000008        0x1 Drivers\STM32F7xx_HAL_Driver\Src\stm32f7xx_hal.o
                0x20000008                uwTickFreq
 *fill*         0x20000009        0x3 
 .data._impure_ptr
                0x2000000c        0x4 c:/program files (x86)/atollic/truestudio for stm32 9.3.0/armtools/bin/../lib/gcc/arm-atollic-eabi/6.3.1/../../../../arm-atollic-eabi/lib/armv7e-m/fpu/fpv5-sp-d16\libc_nano.a(lib_a-impure.o)
                0x2000000c                _impure_ptr
 .data.impure_data
                0x20000010       0x60 c:/program files (x86)/atollic/truestudio for stm32 9.3.0/armtools/bin/../lib/gcc/arm-atollic-eabi/6.3.1/../../../../arm-atollic-eabi/lib/armv7e-m/fpu/fpv5-sp-d16\libc_nano.a(lib_a-impure.o)
                0x20000070                . = ALIGN (0x4)
                0x20000070                _edata = .

.igot.plt       0x20000070        0x0 load address 0x08005898
 .igot.plt      0x20000070        0x0 c:/program files (x86)/atollic/truestudio for stm32 9.3.0/armtools/bin/../lib/gcc/arm-atollic-eabi/6.3.1/armv7e-m/fpu/fpv5-sp-d16/crtbegin.o
                0x20000070                . = ALIGN (0x4)

.bss            0x20000070      0x164 load address 0x08005898
                0x20000070                _sbss = .
                0x20000070                __bss_start__ = _sbss
 *(.bss)
 .bss           0x20000070       0x1c c:/program files (x86)/atollic/truestudio for stm32 9.3.0/armtools/bin/../lib/gcc/arm-atollic-eabi/6.3.1/armv7e-m/fpu/fpv5-sp-d16/crtbegin.o
 *(.bss*)
 .bss.heap_end.7010
                0x2000008c        0x4 Core\Src\syscalls.o
 .bss.__malloc_free_list
                0x20000090        0x4 c:/program files (x86)/atollic/truestudio for stm32 9.3.0/armtools/bin/../lib/gcc/arm-atollic-eabi/6.3.1/../../../../arm-atollic-eabi/lib/armv7e-m/fpu/fpv5-sp-d16\libc_nano.a(lib_a-nano-mallocr.o)
                0x20000090                __malloc_free_list
 .bss.__malloc_sbrk_start
                0x20000094        0x4 c:/program files (x86)/atollic/truestudio for stm32 9.3.0/armtools/bin/../lib/gcc/arm-atollic-eabi/6.3.1/../../../../arm-atollic-eabi/lib/armv7e-m/fpu/fpv5-sp-d16\libc_nano.a(lib_a-nano-mallocr.o)
                0x20000094                __malloc_sbrk_start
 *(COMMON)
 COMMON         0x20000098      0x134 Core\Src\main.o
                0x20000098                huart6
                0x2000011c                hspi1
                0x20000180                htim12
 COMMON         0x200001cc        0x4 Drivers\STM32F7xx_HAL_Driver\Src\stm32f7xx_hal.o
                0x200001cc                uwTick
 COMMON         0x200001d0        0x4 c:/program files (x86)/atollic/truestudio for stm32 9.3.0/armtools/bin/../lib/gcc/arm-atollic-eabi/6.3.1/../../../../arm-atollic-eabi/lib/armv7e-m/fpu/fpv5-sp-d16\libc_nano.a(lib_a-reent.o)
                0x200001d0                errno
                0x200001d4                . = ALIGN (0x4)
                0x200001d4                _ebss = .
                0x200001d4                __bss_end__ = _ebss

._user_heap_stack
                0x200001d4     0x1000 load address 0x08005898
                0x200001d4                . = ALIGN (0x4)
                0x200001d4                PROVIDE (end, .)
                [!provide]                PROVIDE (_end, .)
                0x200009d4                . = (. + _Min_Heap_Size)
 *fill*         0x200001d4      0x800 
                0x200011d4                . = (. + _Min_Stack_Size)
 *fill*         0x200009d4      0x800 
                0x200011d4                . = ALIGN (0x4)

/DISCARD/
 libc.a(*)
 libm.a(*)
 libgcc.a(*)

.ARM.attributes
                0x00000000       0x30
 *(.ARM.attributes)
 .ARM.attributes
                0x00000000       0x22 c:/program files (x86)/atollic/truestudio for stm32 9.3.0/armtools/bin/../lib/gcc/arm-atollic-eabi/6.3.1/armv7e-m/fpu/fpv5-sp-d16/crti.o
 .ARM.attributes
                0x00000022       0x34 c:/program files (x86)/atollic/truestudio for stm32 9.3.0/armtools/bin/../lib/gcc/arm-atollic-eabi/6.3.1/armv7e-m/fpu/fpv5-sp-d16/crtbegin.o
 .ARM.attributes
                0x00000056       0x39 Core\Src\main.o
 .ARM.attributes
                0x0000008f       0x39 Core\Src\stm32f7xx_hal_msp.o
 .ARM.attributes
                0x000000c8       0x39 Core\Src\stm32f7xx_it.o
 .ARM.attributes
                0x00000101       0x39 Core\Src\syscalls.o
 .ARM.attributes
                0x0000013a       0x39 Core\Src\system_stm32f7xx.o
 .ARM.attributes
                0x00000173       0x39 Drivers\STM32F7xx_HAL_Driver\Src\stm32f7xx_hal.o
 .ARM.attributes
                0x000001ac       0x39 Drivers\STM32F7xx_HAL_Driver\Src\stm32f7xx_hal_cortex.o
 .ARM.attributes
                0x000001e5       0x39 Drivers\STM32F7xx_HAL_Driver\Src\stm32f7xx_hal_gpio.o
 .ARM.attributes
                0x0000021e       0x39 Drivers\STM32F7xx_HAL_Driver\Src\stm32f7xx_hal_rcc.o
 .ARM.attributes
                0x00000257       0x39 Drivers\STM32F7xx_HAL_Driver\Src\stm32f7xx_hal_rcc_ex.o
 .ARM.attributes
                0x00000290       0x39 Drivers\STM32F7xx_HAL_Driver\Src\stm32f7xx_hal_spi.o
 .ARM.attributes
                0x000002c9       0x39 Drivers\STM32F7xx_HAL_Driver\Src\stm32f7xx_hal_tim.o
 .ARM.attributes
                0x00000302       0x39 Drivers\STM32F7xx_HAL_Driver\Src\stm32f7xx_hal_uart.o
 .ARM.attributes
                0x0000033b       0x21 startup\startup_stm32f723xx.o
 .ARM.attributes
                0x0000035c       0x34 c:/program files (x86)/atollic/truestudio for stm32 9.3.0/armtools/bin/../lib/gcc/arm-atollic-eabi/6.3.1/../../../../arm-atollic-eabi/lib/armv7e-m/fpu/fpv5-sp-d16\libc_nano.a(lib_a-errno.o)
 .ARM.attributes
                0x00000390       0x34 c:/program files (x86)/atollic/truestudio for stm32 9.3.0/armtools/bin/../lib/gcc/arm-atollic-eabi/6.3.1/../../../../arm-atollic-eabi/lib/armv7e-m/fpu/fpv5-sp-d16\libc_nano.a(lib_a-impure.o)
 .ARM.attributes
                0x000003c4       0x34 c:/program files (x86)/atollic/truestudio for stm32 9.3.0/armtools/bin/../lib/gcc/arm-atollic-eabi/6.3.1/../../../../arm-atollic-eabi/lib/armv7e-m/fpu/fpv5-sp-d16\libc_nano.a(lib_a-init.o)
 .ARM.attributes
                0x000003f8       0x34 c:/program files (x86)/atollic/truestudio for stm32 9.3.0/armtools/bin/../lib/gcc/arm-atollic-eabi/6.3.1/../../../../arm-atollic-eabi/lib/armv7e-m/fpu/fpv5-sp-d16\libc_nano.a(lib_a-memset.o)
 .ARM.attributes
                0x0000042c       0x34 c:/program files (x86)/atollic/truestudio for stm32 9.3.0/armtools/bin/../lib/gcc/arm-atollic-eabi/6.3.1/../../../../arm-atollic-eabi/lib/armv7e-m/fpu/fpv5-sp-d16\libc_nano.a(lib_a-printf.o)
 .ARM.attributes
                0x00000460       0x34 c:/program files (x86)/atollic/truestudio for stm32 9.3.0/armtools/bin/../lib/gcc/arm-atollic-eabi/6.3.1/../../../../arm-atollic-eabi/lib/armv7e-m/fpu/fpv5-sp-d16\libc_nano.a(lib_a-puts.o)
 .ARM.attributes
                0x00000494       0x34 c:/program files (x86)/atollic/truestudio for stm32 9.3.0/armtools/bin/../lib/gcc/arm-atollic-eabi/6.3.1/../../../../arm-atollic-eabi/lib/armv7e-m/fpu/fpv5-sp-d16\libc_nano.a(lib_a-wbuf.o)
 .ARM.attributes
                0x000004c8       0x34 c:/program files (x86)/atollic/truestudio for stm32 9.3.0/armtools/bin/../lib/gcc/arm-atollic-eabi/6.3.1/../../../../arm-atollic-eabi/lib/armv7e-m/fpu/fpv5-sp-d16\libc_nano.a(lib_a-wsetup.o)
 .ARM.attributes
                0x000004fc       0x34 c:/program files (x86)/atollic/truestudio for stm32 9.3.0/armtools/bin/../lib/gcc/arm-atollic-eabi/6.3.1/../../../../arm-atollic-eabi/lib/armv7e-m/fpu/fpv5-sp-d16\libc_nano.a(lib_a-fflush.o)
 .ARM.attributes
                0x00000530       0x34 c:/program files (x86)/atollic/truestudio for stm32 9.3.0/armtools/bin/../lib/gcc/arm-atollic-eabi/6.3.1/../../../../arm-atollic-eabi/lib/armv7e-m/fpu/fpv5-sp-d16\libc_nano.a(lib_a-findfp.o)
 .ARM.attributes
                0x00000564       0x34 c:/program files (x86)/atollic/truestudio for stm32 9.3.0/armtools/bin/../lib/gcc/arm-atollic-eabi/6.3.1/../../../../arm-atollic-eabi/lib/armv7e-m/fpu/fpv5-sp-d16\libc_nano.a(lib_a-fwalk.o)
 .ARM.attributes
                0x00000598       0x34 c:/program files (x86)/atollic/truestudio for stm32 9.3.0/armtools/bin/../lib/gcc/arm-atollic-eabi/6.3.1/../../../../arm-atollic-eabi/lib/armv7e-m/fpu/fpv5-sp-d16\libc_nano.a(lib_a-makebuf.o)
 .ARM.attributes
                0x000005cc       0x34 c:/program files (x86)/atollic/truestudio for stm32 9.3.0/armtools/bin/../lib/gcc/arm-atollic-eabi/6.3.1/../../../../arm-atollic-eabi/lib/armv7e-m/fpu/fpv5-sp-d16\libc_nano.a(lib_a-nano-freer.o)
 .ARM.attributes
                0x00000600       0x34 c:/program files (x86)/atollic/truestudio for stm32 9.3.0/armtools/bin/../lib/gcc/arm-atollic-eabi/6.3.1/../../../../arm-atollic-eabi/lib/armv7e-m/fpu/fpv5-sp-d16\libc_nano.a(lib_a-nano-mallocr.o)
 .ARM.attributes
                0x00000634       0x34 c:/program files (x86)/atollic/truestudio for stm32 9.3.0/armtools/bin/../lib/gcc/arm-atollic-eabi/6.3.1/../../../../arm-atollic-eabi/lib/armv7e-m/fpu/fpv5-sp-d16\libc_nano.a(lib_a-nano-vfprintf.o)
 .ARM.attributes
                0x00000668       0x34 c:/program files (x86)/atollic/truestudio for stm32 9.3.0/armtools/bin/../lib/gcc/arm-atollic-eabi/6.3.1/../../../../arm-atollic-eabi/lib/armv7e-m/fpu/fpv5-sp-d16\libc_nano.a(lib_a-nano-vfprintf_i.o)
 .ARM.attributes
                0x0000069c       0x34 c:/program files (x86)/atollic/truestudio for stm32 9.3.0/armtools/bin/../lib/gcc/arm-atollic-eabi/6.3.1/../../../../arm-atollic-eabi/lib/armv7e-m/fpu/fpv5-sp-d16\libc_nano.a(lib_a-sbrkr.o)
 .ARM.attributes
                0x000006d0       0x34 c:/program files (x86)/atollic/truestudio for stm32 9.3.0/armtools/bin/../lib/gcc/arm-atollic-eabi/6.3.1/../../../../arm-atollic-eabi/lib/armv7e-m/fpu/fpv5-sp-d16\libc_nano.a(lib_a-stdio.o)
 .ARM.attributes
                0x00000704       0x34 c:/program files (x86)/atollic/truestudio for stm32 9.3.0/armtools/bin/../lib/gcc/arm-atollic-eabi/6.3.1/../../../../arm-atollic-eabi/lib/armv7e-m/fpu/fpv5-sp-d16\libc_nano.a(lib_a-writer.o)
 .ARM.attributes
                0x00000738       0x34 c:/program files (x86)/atollic/truestudio for stm32 9.3.0/armtools/bin/../lib/gcc/arm-atollic-eabi/6.3.1/../../../../arm-atollic-eabi/lib/armv7e-m/fpu/fpv5-sp-d16\libc_nano.a(lib_a-closer.o)
 .ARM.attributes
                0x0000076c       0x34 c:/program files (x86)/atollic/truestudio for stm32 9.3.0/armtools/bin/../lib/gcc/arm-atollic-eabi/6.3.1/../../../../arm-atollic-eabi/lib/armv7e-m/fpu/fpv5-sp-d16\libc_nano.a(lib_a-fstatr.o)
 .ARM.attributes
                0x000007a0       0x34 c:/program files (x86)/atollic/truestudio for stm32 9.3.0/armtools/bin/../lib/gcc/arm-atollic-eabi/6.3.1/../../../../arm-atollic-eabi/lib/armv7e-m/fpu/fpv5-sp-d16\libc_nano.a(lib_a-isattyr.o)
 .ARM.attributes
                0x000007d4       0x34 c:/program files (x86)/atollic/truestudio for stm32 9.3.0/armtools/bin/../lib/gcc/arm-atollic-eabi/6.3.1/../../../../arm-atollic-eabi/lib/armv7e-m/fpu/fpv5-sp-d16\libc_nano.a(lib_a-lseekr.o)
 .ARM.attributes
                0x00000808       0x20 c:/program files (x86)/atollic/truestudio for stm32 9.3.0/armtools/bin/../lib/gcc/arm-atollic-eabi/6.3.1/../../../../arm-atollic-eabi/lib/armv7e-m/fpu/fpv5-sp-d16\libc_nano.a(lib_a-memchr.o)
 .ARM.attributes
                0x00000828       0x34 c:/program files (x86)/atollic/truestudio for stm32 9.3.0/armtools/bin/../lib/gcc/arm-atollic-eabi/6.3.1/../../../../arm-atollic-eabi/lib/armv7e-m/fpu/fpv5-sp-d16\libc_nano.a(lib_a-mlock.o)
 .ARM.attributes
                0x0000085c       0x34 c:/program files (x86)/atollic/truestudio for stm32 9.3.0/armtools/bin/../lib/gcc/arm-atollic-eabi/6.3.1/../../../../arm-atollic-eabi/lib/armv7e-m/fpu/fpv5-sp-d16\libc_nano.a(lib_a-readr.o)
 .ARM.attributes
                0x00000890       0x34 c:/program files (x86)/atollic/truestudio for stm32 9.3.0/armtools/bin/../lib/gcc/arm-atollic-eabi/6.3.1/../../../../arm-atollic-eabi/lib/armv7e-m/fpu/fpv5-sp-d16\libc_nano.a(lib_a-reent.o)
 .ARM.attributes
                0x000008c4       0x22 c:/program files (x86)/atollic/truestudio for stm32 9.3.0/armtools/bin/../lib/gcc/arm-atollic-eabi/6.3.1/armv7e-m/fpu/fpv5-sp-d16\libgcc.a(_aeabi_uldivmod.o)
 .ARM.attributes
                0x000008e6       0x34 c:/program files (x86)/atollic/truestudio for stm32 9.3.0/armtools/bin/../lib/gcc/arm-atollic-eabi/6.3.1/armv7e-m/fpu/fpv5-sp-d16\libgcc.a(_udivmoddi4.o)
 .ARM.attributes
                0x0000091a       0x22 c:/program files (x86)/atollic/truestudio for stm32 9.3.0/armtools/bin/../lib/gcc/arm-atollic-eabi/6.3.1/armv7e-m/fpu/fpv5-sp-d16\libgcc.a(_dvmd_tls.o)
 .ARM.attributes
                0x0000093c       0x22 c:/program files (x86)/atollic/truestudio for stm32 9.3.0/armtools/bin/../lib/gcc/arm-atollic-eabi/6.3.1/armv7e-m/fpu/fpv5-sp-d16/crtn.o
OUTPUT(powerstep01.elf elf32-littlearm)

.debug_info     0x00000000     0xd4f8
 .debug_info    0x00000000     0x2062 Core\Src\main.o
 .debug_info    0x00002062     0x118b Core\Src\stm32f7xx_hal_msp.o
 .debug_info    0x000031ed      0x20c Core\Src\stm32f7xx_it.o
 .debug_info    0x000033f9      0xf16 Core\Src\syscalls.o
 .debug_info    0x0000430f      0x73f Core\Src\system_stm32f7xx.o
 .debug_info    0x00004a4e      0x98b Drivers\STM32F7xx_HAL_Driver\Src\stm32f7xx_hal.o
 .debug_info    0x000053d9     0x1002 Drivers\STM32F7xx_HAL_Driver\Src\stm32f7xx_hal_cortex.o
 .debug_info    0x000063db      0x7ea Drivers\STM32F7xx_HAL_Driver\Src\stm32f7xx_hal_gpio.o
 .debug_info    0x00006bc5      0x942 Drivers\STM32F7xx_HAL_Driver\Src\stm32f7xx_hal_rcc.o
 .debug_info    0x00007507      0x79a Drivers\STM32F7xx_HAL_Driver\Src\stm32f7xx_hal_rcc_ex.o
 .debug_info    0x00007ca1     0x16d0 Drivers\STM32F7xx_HAL_Driver\Src\stm32f7xx_hal_spi.o
 .debug_info    0x00009371     0x293e Drivers\STM32F7xx_HAL_Driver\Src\stm32f7xx_hal_tim.o
 .debug_info    0x0000bcaf     0x17de Drivers\STM32F7xx_HAL_Driver\Src\stm32f7xx_hal_uart.o
 .debug_info    0x0000d48d       0x6b startup\startup_stm32f723xx.o

.debug_abbrev   0x00000000     0x19a7
 .debug_abbrev  0x00000000      0x2d2 Core\Src\main.o
 .debug_abbrev  0x000002d2      0x1d9 Core\Src\stm32f7xx_hal_msp.o
 .debug_abbrev  0x000004ab       0xc1 Core\Src\stm32f7xx_it.o
 .debug_abbrev  0x0000056c      0x271 Core\Src\syscalls.o
 .debug_abbrev  0x000007dd      0x142 Core\Src\system_stm32f7xx.o
 .debug_abbrev  0x0000091f      0x1c2 Drivers\STM32F7xx_HAL_Driver\Src\stm32f7xx_hal.o
 .debug_abbrev  0x00000ae1      0x2f5 Drivers\STM32F7xx_HAL_Driver\Src\stm32f7xx_hal_cortex.o
 .debug_abbrev  0x00000dd6      0x1c4 Drivers\STM32F7xx_HAL_Driver\Src\stm32f7xx_hal_gpio.o
 .debug_abbrev  0x00000f9a      0x215 Drivers\STM32F7xx_HAL_Driver\Src\stm32f7xx_hal_rcc.o
 .debug_abbrev  0x000011af      0x18a Drivers\STM32F7xx_HAL_Driver\Src\stm32f7xx_hal_rcc_ex.o
 .debug_abbrev  0x00001339      0x223 Drivers\STM32F7xx_HAL_Driver\Src\stm32f7xx_hal_spi.o
 .debug_abbrev  0x0000155c      0x229 Drivers\STM32F7xx_HAL_Driver\Src\stm32f7xx_hal_tim.o
 .debug_abbrev  0x00001785      0x210 Drivers\STM32F7xx_HAL_Driver\Src\stm32f7xx_hal_uart.o
 .debug_abbrev  0x00001995       0x12 startup\startup_stm32f723xx.o

.debug_aranges  0x00000000      0xd68
 .debug_aranges
                0x00000000       0x88 Core\Src\main.o
 .debug_aranges
                0x00000088       0x58 Core\Src\stm32f7xx_hal_msp.o
 .debug_aranges
                0x000000e0       0x60 Core\Src\stm32f7xx_it.o
 .debug_aranges
                0x00000140       0xb0 Core\Src\syscalls.o
 .debug_aranges
                0x000001f0       0x28 Core\Src\system_stm32f7xx.o
 .debug_aranges
                0x00000218      0x100 Drivers\STM32F7xx_HAL_Driver\Src\stm32f7xx_hal.o
 .debug_aranges
                0x00000318      0x118 Drivers\STM32F7xx_HAL_Driver\Src\stm32f7xx_hal_cortex.o
 .debug_aranges
                0x00000430       0x58 Drivers\STM32F7xx_HAL_Driver\Src\stm32f7xx_hal_gpio.o
 .debug_aranges
                0x00000488       0x88 Drivers\STM32F7xx_HAL_Driver\Src\stm32f7xx_hal_rcc.o
 .debug_aranges
                0x00000510       0x50 Drivers\STM32F7xx_HAL_Driver\Src\stm32f7xx_hal_rcc_ex.o
 .debug_aranges
                0x00000560      0x1d8 Drivers\STM32F7xx_HAL_Driver\Src\stm32f7xx_hal_spi.o
 .debug_aranges
                0x00000738      0x3e0 Drivers\STM32F7xx_HAL_Driver\Src\stm32f7xx_hal_tim.o
 .debug_aranges
                0x00000b18      0x228 Drivers\STM32F7xx_HAL_Driver\Src\stm32f7xx_hal_uart.o
 .debug_aranges
                0x00000d40       0x28 startup\startup_stm32f723xx.o

.debug_ranges   0x00000000      0xcc0
 .debug_ranges  0x00000000       0x78 Core\Src\main.o
 .debug_ranges  0x00000078       0x48 Core\Src\stm32f7xx_hal_msp.o
 .debug_ranges  0x000000c0       0x50 Core\Src\stm32f7xx_it.o
 .debug_ranges  0x00000110       0xa0 Core\Src\syscalls.o
 .debug_ranges  0x000001b0       0x18 Core\Src\system_stm32f7xx.o
 .debug_ranges  0x000001c8       0xf0 Drivers\STM32F7xx_HAL_Driver\Src\stm32f7xx_hal.o
 .debug_ranges  0x000002b8      0x108 Drivers\STM32F7xx_HAL_Driver\Src\stm32f7xx_hal_cortex.o
 .debug_ranges  0x000003c0       0x48 Drivers\STM32F7xx_HAL_Driver\Src\stm32f7xx_hal_gpio.o
 .debug_ranges  0x00000408       0x78 Drivers\STM32F7xx_HAL_Driver\Src\stm32f7xx_hal_rcc.o
 .debug_ranges  0x00000480       0x40 Drivers\STM32F7xx_HAL_Driver\Src\stm32f7xx_hal_rcc_ex.o
 .debug_ranges  0x000004c0      0x1c8 Drivers\STM32F7xx_HAL_Driver\Src\stm32f7xx_hal_spi.o
 .debug_ranges  0x00000688      0x3d0 Drivers\STM32F7xx_HAL_Driver\Src\stm32f7xx_hal_tim.o
 .debug_ranges  0x00000a58      0x248 Drivers\STM32F7xx_HAL_Driver\Src\stm32f7xx_hal_uart.o
 .debug_ranges  0x00000ca0       0x20 startup\startup_stm32f723xx.o

.debug_line     0x00000000     0x652b
 .debug_line    0x00000000      0x540 Core\Src\main.o
 .debug_line    0x00000540      0x31c Core\Src\stm32f7xx_hal_msp.o
 .debug_line    0x0000085c      0x26f Core\Src\stm32f7xx_it.o
 .debug_line    0x00000acb      0x3dd Core\Src\syscalls.o
 .debug_line    0x00000ea8      0x20c Core\Src\system_stm32f7xx.o
 .debug_line    0x000010b4      0x433 Drivers\STM32F7xx_HAL_Driver\Src\stm32f7xx_hal.o
 .debug_line    0x000014e7      0x553 Drivers\STM32F7xx_HAL_Driver\Src\stm32f7xx_hal_cortex.o
 .debug_line    0x00001a3a      0x415 Drivers\STM32F7xx_HAL_Driver\Src\stm32f7xx_hal_gpio.o
 .debug_line    0x00001e4f      0x501 Drivers\STM32F7xx_HAL_Driver\Src\stm32f7xx_hal_rcc.o
 .debug_line    0x00002350      0x423 Drivers\STM32F7xx_HAL_Driver\Src\stm32f7xx_hal_rcc_ex.o
 .debug_line    0x00002773      0xcdf Drivers\STM32F7xx_HAL_Driver\Src\stm32f7xx_hal_spi.o
 .debug_line    0x00003452     0x21ec Drivers\STM32F7xx_HAL_Driver\Src\stm32f7xx_hal_tim.o
 .debug_line    0x0000563e      0xe6c Drivers\STM32F7xx_HAL_Driver\Src\stm32f7xx_hal_uart.o
 .debug_line    0x000064aa       0x81 startup\startup_stm32f723xx.o

.debug_str      0x00000000     0x4a76
 .debug_str     0x00000000     0x1967 Core\Src\main.o
                               0x1aea (size before relaxing)
 .debug_str     0x00001967       0xcc Core\Src\stm32f7xx_hal_msp.o
                                0xdd9 (size before relaxing)
 .debug_str     0x00001a33       0xab Core\Src\stm32f7xx_it.o
                                0x31f (size before relaxing)
 .debug_str     0x00001ade      0x239 Core\Src\syscalls.o
                                0x84c (size before relaxing)
 .debug_str     0x00001d17      0x178 Core\Src\system_stm32f7xx.o
                                0x505 (size before relaxing)
 .debug_str     0x00001e8f      0x7fa Drivers\STM32F7xx_HAL_Driver\Src\stm32f7xx_hal.o
                                0xbda (size before relaxing)
 .debug_str     0x00002689      0x494 Drivers\STM32F7xx_HAL_Driver\Src\stm32f7xx_hal_cortex.o
                                0xde1 (size before relaxing)
 .debug_str     0x00002b1d      0x127 Drivers\STM32F7xx_HAL_Driver\Src\stm32f7xx_hal_gpio.o
                                0x5d3 (size before relaxing)
 .debug_str     0x00002c44      0x1e3 Drivers\STM32F7xx_HAL_Driver\Src\stm32f7xx_hal_rcc.o
                                0x78c (size before relaxing)
 .debug_str     0x00002e27      0x161 Drivers\STM32F7xx_HAL_Driver\Src\stm32f7xx_hal_rcc_ex.o
                                0x7bc (size before relaxing)
 .debug_str     0x00002f88      0x578 Drivers\STM32F7xx_HAL_Driver\Src\stm32f7xx_hal_spi.o
                                0xcdc (size before relaxing)
 .debug_str     0x00003500      0xe37 Drivers\STM32F7xx_HAL_Driver\Src\stm32f7xx_hal_tim.o
                               0x17ad (size before relaxing)
 .debug_str     0x00004337      0x73f Drivers\STM32F7xx_HAL_Driver\Src\stm32f7xx_hal_uart.o
                               0x100d (size before relaxing)

.comment        0x00000000       0x7c
 .comment       0x00000000       0x7c Core\Src\main.o
                                 0x7d (size before relaxing)
 .comment       0x0000007c       0x7d Core\Src\stm32f7xx_hal_msp.o
 .comment       0x0000007c       0x7d Core\Src\stm32f7xx_it.o
 .comment       0x0000007c       0x7d Core\Src\syscalls.o
 .comment       0x0000007c       0x7d Core\Src\system_stm32f7xx.o
 .comment       0x0000007c       0x7d Drivers\STM32F7xx_HAL_Driver\Src\stm32f7xx_hal.o
 .comment       0x0000007c       0x7d Drivers\STM32F7xx_HAL_Driver\Src\stm32f7xx_hal_cortex.o
 .comment       0x0000007c       0x7d Drivers\STM32F7xx_HAL_Driver\Src\stm32f7xx_hal_gpio.o
 .comment       0x0000007c       0x7d Drivers\STM32F7xx_HAL_Driver\Src\stm32f7xx_hal_rcc.o
 .comment       0x0000007c       0x7d Drivers\STM32F7xx_HAL_Driver\Src\stm32f7xx_hal_rcc_ex.o
 .comment       0x0000007c       0x7d Drivers\STM32F7xx_HAL_Driver\Src\stm32f7xx_hal_spi.o
 .comment       0x0000007c       0x7d Drivers\STM32F7xx_HAL_Driver\Src\stm32f7xx_hal_tim.o
 .comment       0x0000007c       0x7d Drivers\STM32F7xx_HAL_Driver\Src\stm32f7xx_hal_uart.o

.debug_frame    0x00000000     0x402c
 .debug_frame   0x00000000      0x1f0 Core\Src\main.o
 .debug_frame   0x000001f0      0x13c Core\Src\stm32f7xx_hal_msp.o
 .debug_frame   0x0000032c      0x104 Core\Src\stm32f7xx_it.o
 .debug_frame   0x00000430      0x2d4 Core\Src\syscalls.o
 .debug_frame   0x00000704       0x58 Core\Src\system_stm32f7xx.o
 .debug_frame   0x0000075c      0x3b4 Drivers\STM32F7xx_HAL_Driver\Src\stm32f7xx_hal.o
 .debug_frame   0x00000b10      0x498 Drivers\STM32F7xx_HAL_Driver\Src\stm32f7xx_hal_cortex.o
 .debug_frame   0x00000fa8      0x14c Drivers\STM32F7xx_HAL_Driver\Src\stm32f7xx_hal_gpio.o
 .debug_frame   0x000010f4      0x1fc Drivers\STM32F7xx_HAL_Driver\Src\stm32f7xx_hal_rcc.o
 .debug_frame   0x000012f0      0x118 Drivers\STM32F7xx_HAL_Driver\Src\stm32f7xx_hal_rcc_ex.o
 .debug_frame   0x00001408      0x860 Drivers\STM32F7xx_HAL_Driver\Src\stm32f7xx_hal_spi.o
 .debug_frame   0x00001c68     0x1218 Drivers\STM32F7xx_HAL_Driver\Src\stm32f7xx_hal_tim.o
 .debug_frame   0x00002e80      0x9dc Drivers\STM32F7xx_HAL_Driver\Src\stm32f7xx_hal_uart.o
 .debug_frame   0x0000385c       0x20 c:/program files (x86)/atollic/truestudio for stm32 9.3.0/armtools/bin/../lib/gcc/arm-atollic-eabi/6.3.1/../../../../arm-atollic-eabi/lib/armv7e-m/fpu/fpv5-sp-d16\libc_nano.a(lib_a-errno.o)
 .debug_frame   0x0000387c       0x2c c:/program files (x86)/atollic/truestudio for stm32 9.3.0/armtools/bin/../lib/gcc/arm-atollic-eabi/6.3.1/../../../../arm-atollic-eabi/lib/armv7e-m/fpu/fpv5-sp-d16\libc_nano.a(lib_a-init.o)
 .debug_frame   0x000038a8       0x20 c:/program files (x86)/atollic/truestudio for stm32 9.3.0/armtools/bin/../lib/gcc/arm-atollic-eabi/6.3.1/../../../../arm-atollic-eabi/lib/armv7e-m/fpu/fpv5-sp-d16\libc_nano.a(lib_a-memset.o)
 .debug_frame   0x000038c8       0x74 c:/program files (x86)/atollic/truestudio for stm32 9.3.0/armtools/bin/../lib/gcc/arm-atollic-eabi/6.3.1/../../../../arm-atollic-eabi/lib/armv7e-m/fpu/fpv5-sp-d16\libc_nano.a(lib_a-printf.o)
 .debug_frame   0x0000393c       0x3c c:/program files (x86)/atollic/truestudio for stm32 9.3.0/armtools/bin/../lib/gcc/arm-atollic-eabi/6.3.1/../../../../arm-atollic-eabi/lib/armv7e-m/fpu/fpv5-sp-d16\libc_nano.a(lib_a-puts.o)
 .debug_frame   0x00003978       0x40 c:/program files (x86)/atollic/truestudio for stm32 9.3.0/armtools/bin/../lib/gcc/arm-atollic-eabi/6.3.1/../../../../arm-atollic-eabi/lib/armv7e-m/fpu/fpv5-sp-d16\libc_nano.a(lib_a-wbuf.o)
 .debug_frame   0x000039b8       0x2c c:/program files (x86)/atollic/truestudio for stm32 9.3.0/armtools/bin/../lib/gcc/arm-atollic-eabi/6.3.1/../../../../arm-atollic-eabi/lib/armv7e-m/fpu/fpv5-sp-d16\libc_nano.a(lib_a-wsetup.o)
 .debug_frame   0x000039e4       0x68 c:/program files (x86)/atollic/truestudio for stm32 9.3.0/armtools/bin/../lib/gcc/arm-atollic-eabi/6.3.1/../../../../arm-atollic-eabi/lib/armv7e-m/fpu/fpv5-sp-d16\libc_nano.a(lib_a-fflush.o)
 .debug_frame   0x00003a4c      0x11c c:/program files (x86)/atollic/truestudio for stm32 9.3.0/armtools/bin/../lib/gcc/arm-atollic-eabi/6.3.1/../../../../arm-atollic-eabi/lib/armv7e-m/fpu/fpv5-sp-d16\libc_nano.a(lib_a-findfp.o)
 .debug_frame   0x00003b68       0x54 c:/program files (x86)/atollic/truestudio for stm32 9.3.0/armtools/bin/../lib/gcc/arm-atollic-eabi/6.3.1/../../../../arm-atollic-eabi/lib/armv7e-m/fpu/fpv5-sp-d16\libc_nano.a(lib_a-fwalk.o)
 .debug_frame   0x00003bbc       0x58 c:/program files (x86)/atollic/truestudio for stm32 9.3.0/armtools/bin/../lib/gcc/arm-atollic-eabi/6.3.1/../../../../arm-atollic-eabi/lib/armv7e-m/fpu/fpv5-sp-d16\libc_nano.a(lib_a-makebuf.o)
 .debug_frame   0x00003c14       0x38 c:/program files (x86)/atollic/truestudio for stm32 9.3.0/armtools/bin/../lib/gcc/arm-atollic-eabi/6.3.1/../../../../arm-atollic-eabi/lib/armv7e-m/fpu/fpv5-sp-d16\libc_nano.a(lib_a-nano-freer.o)
 .debug_frame   0x00003c4c       0x2c c:/program files (x86)/atollic/truestudio for stm32 9.3.0/armtools/bin/../lib/gcc/arm-atollic-eabi/6.3.1/../../../../arm-atollic-eabi/lib/armv7e-m/fpu/fpv5-sp-d16\libc_nano.a(lib_a-nano-mallocr.o)
 .debug_frame   0x00003c78       0xac c:/program files (x86)/atollic/truestudio for stm32 9.3.0/armtools/bin/../lib/gcc/arm-atollic-eabi/6.3.1/../../../../arm-atollic-eabi/lib/armv7e-m/fpu/fpv5-sp-d16\libc_nano.a(lib_a-nano-vfprintf.o)
 .debug_frame   0x00003d24       0x60 c:/program files (x86)/atollic/truestudio for stm32 9.3.0/armtools/bin/../lib/gcc/arm-atollic-eabi/6.3.1/../../../../arm-atollic-eabi/lib/armv7e-m/fpu/fpv5-sp-d16\libc_nano.a(lib_a-nano-vfprintf_i.o)
 .debug_frame   0x00003d84       0x2c c:/program files (x86)/atollic/truestudio for stm32 9.3.0/armtools/bin/../lib/gcc/arm-atollic-eabi/6.3.1/../../../../arm-atollic-eabi/lib/armv7e-m/fpu/fpv5-sp-d16\libc_nano.a(lib_a-sbrkr.o)
 .debug_frame   0x00003db0       0x88 c:/program files (x86)/atollic/truestudio for stm32 9.3.0/armtools/bin/../lib/gcc/arm-atollic-eabi/6.3.1/../../../../arm-atollic-eabi/lib/armv7e-m/fpu/fpv5-sp-d16\libc_nano.a(lib_a-stdio.o)
 .debug_frame   0x00003e38       0x2c c:/program files (x86)/atollic/truestudio for stm32 9.3.0/armtools/bin/../lib/gcc/arm-atollic-eabi/6.3.1/../../../../arm-atollic-eabi/lib/armv7e-m/fpu/fpv5-sp-d16\libc_nano.a(lib_a-writer.o)
 .debug_frame   0x00003e64       0x2c c:/program files (x86)/atollic/truestudio for stm32 9.3.0/armtools/bin/../lib/gcc/arm-atollic-eabi/6.3.1/../../../../arm-atollic-eabi/lib/armv7e-m/fpu/fpv5-sp-d16\libc_nano.a(lib_a-closer.o)
 .debug_frame   0x00003e90       0x2c c:/program files (x86)/atollic/truestudio for stm32 9.3.0/armtools/bin/../lib/gcc/arm-atollic-eabi/6.3.1/../../../../arm-atollic-eabi/lib/armv7e-m/fpu/fpv5-sp-d16\libc_nano.a(lib_a-fstatr.o)
 .debug_frame   0x00003ebc       0x2c c:/program files (x86)/atollic/truestudio for stm32 9.3.0/armtools/bin/../lib/gcc/arm-atollic-eabi/6.3.1/../../../../arm-atollic-eabi/lib/armv7e-m/fpu/fpv5-sp-d16\libc_nano.a(lib_a-isattyr.o)
 .debug_frame   0x00003ee8       0x2c c:/program files (x86)/atollic/truestudio for stm32 9.3.0/armtools/bin/../lib/gcc/arm-atollic-eabi/6.3.1/../../../../arm-atollic-eabi/lib/armv7e-m/fpu/fpv5-sp-d16\libc_nano.a(lib_a-lseekr.o)
 .debug_frame   0x00003f14       0x30 c:/program files (x86)/atollic/truestudio for stm32 9.3.0/armtools/bin/../lib/gcc/arm-atollic-eabi/6.3.1/../../../../arm-atollic-eabi/lib/armv7e-m/fpu/fpv5-sp-d16\libc_nano.a(lib_a-mlock.o)
 .debug_frame   0x00003f44       0x2c c:/program files (x86)/atollic/truestudio for stm32 9.3.0/armtools/bin/../lib/gcc/arm-atollic-eabi/6.3.1/../../../../arm-atollic-eabi/lib/armv7e-m/fpu/fpv5-sp-d16\libc_nano.a(lib_a-readr.o)
 .debug_frame   0x00003f70       0x5c c:/program files (x86)/atollic/truestudio for stm32 9.3.0/armtools/bin/../lib/gcc/arm-atollic-eabi/6.3.1/../../../../arm-atollic-eabi/lib/armv7e-m/fpu/fpv5-sp-d16\libc_nano.a(lib_a-reent.o)
 .debug_frame   0x00003fcc       0x2c c:/program files (x86)/atollic/truestudio for stm32 9.3.0/armtools/bin/../lib/gcc/arm-atollic-eabi/6.3.1/armv7e-m/fpu/fpv5-sp-d16\libgcc.a(_aeabi_uldivmod.o)
 .debug_frame   0x00003ff8       0x34 c:/program files (x86)/atollic/truestudio for stm32 9.3.0/armtools/bin/../lib/gcc/arm-atollic-eabi/6.3.1/armv7e-m/fpu/fpv5-sp-d16\libgcc.a(_udivmoddi4.o)
