main.c:67:5:__io_putchar	24	static
main.c:77:6:setHiZ	16	static
main.c:87:10:getStatus	24	static
main.c:109:6:test_move	24	static
main.c:142:6:set_param8	32	static
main.c:161:6:set_param16	32	static
main.c:185:6:init_stepper	8	static
main.c:203:5:main	16	static
main.c:283:6:SystemClock_Config	216	static
main.c:330:13:MX_SPI1_Init	8	static
main.c:370:13:MX_TIM12_Init	56	static
main.c:422:13:MX_USART6_UART_Init	8	static
main.c:457:13:MX_GPIO_Init	48	static
main.c:498:6:Error_Handler	4	static,ignoring_inline_asm
