x_nucleo_ihm03a1_stm32f4xx.c:111:6:Powerstep01_Board_Delay	16	static
x_nucleo_ihm03a1_stm32f4xx.c:120:6:Powerstep01_Board_DisableIrq	4	static
x_nucleo_ihm03a1_stm32f4xx.c:129:6:Powerstep01_Board_EnableIrq	4	static
x_nucleo_ihm03a1_stm32f4xx.c:139:6:Powerstep01_Board_GpioInit	48	static
x_nucleo_ihm03a1_stm32f4xx.c:204:6:Powerstep01_Board_StepClockInit	64	static
x_nucleo_ihm03a1_stm32f4xx.c:237:6:Powerstep01_Board_StartStepClock	24	static
x_nucleo_ihm03a1_stm32f4xx.c:251:6:Powerstep01_Board_StopStepClock	8	static
x_nucleo_ihm03a1_stm32f4xx.c:261:6:Powerstep01_Board_ReleaseReset	16	static
x_nucleo_ihm03a1_stm32f4xx.c:271:6:Powerstep01_Board_Reset	16	static
x_nucleo_ihm03a1_stm32f4xx.c:280:9:Powerstep01_Board_SpiInit	16	static
x_nucleo_ihm03a1_stm32f4xx.c:310:9:Powerstep01_Board_SpiWriteBytes	40	static
x_nucleo_ihm03a1_stm32f4xx.c:334:10:Powerstep01_Board_BUSY_PIN_GetState	8	static
x_nucleo_ihm03a1_stm32f4xx.c:343:10:Powerstep01_Board_FLAG_PIN_GetState	8	static
